Microchip MPLAB XC8 Compiler V1.35 ()

Linker command line:

--edf=C:\Program Files (x86)\Microchip\xc8\v1.35\dat\en_msgs.txt -cs \
  -h+dist/default/production\DataLogger.X.production.sym \
  --cmf=dist/default/production\DataLogger.X.production.cmf -z -Q18F4520 \
  -oC:\Users\Chris\AppData\Local\Temp\s86c.2 \
  -Mdist/default/production/DataLogger.X.production.map -E1 -ver=XC8 \
  -ASTACK=098h-05ffh -pstack=STACK -ACODE=00h-07FFFh -ACONST=00h-07FFFh \
  -ASMALLCONST=0600h-06FFhx122 -AMEDIUMCONST=0600h-07FFFh -ACOMRAM=01h-07Fh \
  -AABS1=00h-05FFh -ABIGRAM=01h-05FFh -ARAM=080h-0FFh,0100h-01FFhx5 \
  -ABANK0=080h-0FFh -ABANK1=0100h-01FFh -ABANK2=0200h-02FFh \
  -ABANK3=0300h-03FFh -ABANK4=0400h-04FFh -ABANK5=0500h-05FFh \
  -ASFR=0F80h-0FFFh \
  -preset_vec=00h,intcode=08h,intcodelo=018h,powerup,init,end_init \
  -pramtop=0600h -psmallconst=SMALLCONST -pmediumconst=MEDIUMCONST \
  -pconst=CONST -AFARRAM=00h-00h -ACONFIG=0300000h-030000Dh -pconfig=CONFIG \
  -AIDLOC=0200000h-0200007h -pidloc=IDLOC -AEEDATA=0F00000h-0F000FFh \
  -peeprom_data=EEDATA \
  -prdata=COMRAM,nvrram=COMRAM,nvbit=COMRAM,rbss=COMRAM,rbit=COMRAM \
  -pfarbss=FARRAM,fardata=FARRAM,nvFARRAM=FARRAM \
  -pintsave_regs=BIGRAM,bigbss=BIGRAM,bigdata=BIGRAM -pbss=RAM \
  -pidata=CODE,irdata=CODE,ibigdata=CODE,ifardata=CODE -prparam=COMRAM \
  C:\Users\Chris\AppData\Local\Temp\s86c.obj \
  dist/default/production\DataLogger.X.production.obj 

Object code version is 3.11

Machine type is 18F4520

Call graph: (short form)




                Name                               Link     Load   Length Selector   Space Scale
C:\Users\Chris\AppData\Local\Temp\s86c.obj
                end_init                            13A      13A        4        C       0
                reset_vec                             0        0        4        0       0
                idloc                            200000   200000        8   200000       0
                config                           300000   300000        E   300000       0
dist/default/production\DataLogger.X.production.obj
                intcodelo                            18       18      122        C       0
                intcode                               8        8        E        4       0
                temp                                 5D       5D        1        1       1
                smallconst                          600      600       3C      300       0
                intcode_body                        E62      E62       80      31E       0
                text27                             1198     1198        C      31E       0
                text25                             103A     103A       30      31E       0
                text24                             1136     1136       1A      31E       0
                text23                             111C     111C       1A      31E       0
                text22                              D50      D50       90      31E       0
                text21                              AC0      AC0       AE      31E       0
                text20                              9CC      9CC       F4      31E       0
                text19                             106A     106A       24      31E       0
                text18                              DE0      DE0       82      31E       0
                text17                              F5E      F5E       66      31E       0
                text16                              8D6      8D6       F6      31E       0
                text15                             118C     118C        C      31E       0
                text14                              EE2      EE2       7C      31E       0
                text13                             1008     1008       32      31E       0
                text12                              C18      C18       A6      31E       0
                text11                             1102     1102       1A      31E       0
                text10                              FC4      FC4       44      31E       0
                text9                              1150     1150       18      31E       0
                text8                               B6E      B6E       AA      31E       0
                text7                               CBE      CBE       92      31E       0
                text6                              10CA     10CA       1E      31E       0
                text5                               63C      63C      198      31E       0
                text4                              10AC     10AC       1E      31E       0
                text3                              1168     1168       16      31E       0
                text2                              117E     117E        E      31E       0
                text1                              108E     108E       1E      31E       0
                text0                               7D4      7D4      102      31E       0
                cstackCOMRAM                          1        1       50        1       1
                cstackBANK0                          80       80       18       80       1
                bssCOMRAM                            51       51        C        1       1
                cinit                              10E8     10E8       1A      31E       0

TOTAL           Name                               Link     Load   Length     Space
        CLASS   STACK          

        CLASS   CODE           
                end_init                            13A      13A        4         0
                intcodelo                            18       18      122         0
                intcode                               8        8        E         0
                reset_vec                             0        0        4         0
                intcode_body                        E62      E62       80         0
                text27                             1198     1198        C         0
                text25                             103A     103A       30         0
                text24                             1136     1136       1A         0
                text23                             111C     111C       1A         0
                text22                              D50      D50       90         0
                text21                              AC0      AC0       AE         0
                text20                              9CC      9CC       F4         0
                text19                             106A     106A       24         0
                text18                              DE0      DE0       82         0
                text17                              F5E      F5E       66         0
                text16                              8D6      8D6       F6         0
                text15                             118C     118C        C         0
                text14                              EE2      EE2       7C         0
                text13                             1008     1008       32         0
                text12                              C18      C18       A6         0
                text11                             1102     1102       1A         0
                text10                              FC4      FC4       44         0
                text9                              1150     1150       18         0
                text8                               B6E      B6E       AA         0
                text7                               CBE      CBE       92         0
                text6                              10CA     10CA       1E         0
                text5                               63C      63C      198         0
                text4                              10AC     10AC       1E         0
                text3                              1168     1168       16         0
                text2                              117E     117E        E         0
                text1                              108E     108E       1E         0
                text0                               7D4      7D4      102         0
                cinit                              10E8     10E8       1A         0

        CLASS   CONST          

        CLASS   SMALLCONST     
                smallconst                          600      600       3C         0

        CLASS   MEDIUMCONST    

        CLASS   COMRAM         
                temp                                 5D       5D        1         1
                cstackCOMRAM                          1        1       50         1
                bssCOMRAM                            51       51        C         1

        CLASS   ABS1           

        CLASS   BIGRAM         

        CLASS   RAM            

        CLASS   BANK0          
                cstackBANK0                          80       80       18         1

        CLASS   BANK1          

        CLASS   BANK2          

        CLASS   BANK3          

        CLASS   BANK4          

        CLASS   BANK5          

        CLASS   SFR            

        CLASS   FARRAM         

        CLASS   CONFIG         
                config                           300000   300000        E         0

        CLASS   IDLOC          
                idloc                            200000   200000        8         0

        CLASS   EEDATA         



SEGMENTS        Name                           Load    Length   Top    Selector   Space  Class

                reset_vec                      000000  000004  000004         0       0  CODE    
                cstackCOMRAM                   000001  00005D  00005E         1       1  COMRAM  
                intcode                        000008  00000E  000016         4       0  CODE    
                intcodelo                      000018  000126  00013E         C       0  CODE    
                cstackBANK0                    000080  000018  000098        80       1  BANK0   
                smallconst                     000600  00003C  00063C       300       0  SMALLCON
                text5                          00063C  000B68  0011A4       31E       0  CODE    
                idloc                          200000  000008  200008    200000       0  IDLOC   
                config                         300000  00000E  30000E    300000       0  CONFIG  


UNUSED ADDRESS RANGES

        Name                Unused          Largest block    Delta
        BANK0            000098-0000FF               68
        BANK1            000100-0001FF              100
        BANK2            000200-0002FF              100
        BANK3            000300-0003FF              100
        BANK4            000400-0004FF              100
        BANK5            000500-0005FF              100
        BIGRAM           00005E-00007F               22
                         000098-0005FF              568
        CODE             000004-000007                4
                         000016-000017                2
                         00013E-0005FF              4C2
                         0011A4-007FFF             6E5C
        COMRAM           00005E-00007F               22
        CONST            000004-000007                4
                         000016-000017                2
                         00013E-0005FF              4C2
                         0011A4-007FFF             6E5C
        EEDATA           F00000-F000FF              100
        MEDIUMCONST      0011A4-007FFF             6E5C
        RAM              000098-0005FF              100
        SFR              000F80-000FFF               80
        SMALLCONST       0011A4-007FFF              100
        STACK            000098-0005FF              568

                                  Symbol Table

?___ftmul                     cstackCOMRAM 00002E
?___ftpack                    cstackCOMRAM 000023
?___lldiv                     cstackCOMRAM 000023
?___llmod                     cstackCOMRAM 000023
?___lwtoft                    cstackCOMRAM 00002B
?_adcRead                     cstackCOMRAM 000023
?_fdcRead                     cstackCOMRAM 00002C
_ADCON0bits                   (abs)        000FC2
_ADCON1bits                   (abs)        000FC1
_ADCON2bits                   (abs)        000FC0
_ADRESH                       (abs)        000FC4
_ADRESL                       (abs)        000FC3
_BRG16                        (abs)        007DC3
_INTCONbits                   (abs)        000FF2
_IPR1bits                     (abs)        000F9F
_IPR2bits                     (abs)        000FA2
_OSCCONbits                   (abs)        000FD3
_OSCTUNEbits                  (abs)        000F9B
_PIE1bits                     (abs)        000F9D
_PIE2bits                     (abs)        000FA0
_PIR1bits                     (abs)        000F9E
_PIR2bits                     (abs)        000FA1
_PORTAbits                    (abs)        000F80
_RCONbits                     (abs)        000FD0
_RCREG                        (abs)        000FAE
_RCSTAbits                    (abs)        000FAB
_SPBRG                        (abs)        000FAF
_SPBRGH                       (abs)        000FB0
_SSPADD                       (abs)        000FC8
_SSPBUF                       (abs)        000FC9
_SSPCON1bits                  (abs)        000FC6
_SSPCON2                      (abs)        000FC5
_SSPCON2bits                  (abs)        000FC5
_SSPSTATbits                  (abs)        000FC7
_T3CON                        (abs)        000FB1
_T3CONbits                    (abs)        000FB1
_TMR3                         (abs)        000FB2
_TRISAbits                    (abs)        000F92
_TRISCbits                    (abs)        000F94
_TRMT                         (abs)        007D61
_TXREG                        (abs)        000FAD
_TXSTAbits                    (abs)        000FAC
__CFG_BOREN$SBORDIS           (abs)        000000
__CFG_BORV$3                  (abs)        000000
__CFG_CCP2MX$PORTC            (abs)        000000
__CFG_CP0$OFF                 (abs)        000000
__CFG_CP1$OFF                 (abs)        000000
__CFG_CP2$OFF                 (abs)        000000
__CFG_CP3$OFF                 (abs)        000000
__CFG_CPB$OFF                 (abs)        000000
__CFG_CPD$OFF                 (abs)        000000
__CFG_EBTR0$OFF               (abs)        000000
__CFG_EBTR1$OFF               (abs)        000000
__CFG_EBTR2$OFF               (abs)        000000
__CFG_EBTR3$OFF               (abs)        000000
__CFG_EBTRB$OFF               (abs)        000000
__CFG_FCMEN$OFF               (abs)        000000
__CFG_IESO$OFF                (abs)        000000
__CFG_LPT1OSC$OFF             (abs)        000000
__CFG_LVP$ON                  (abs)        000000
__CFG_MCLRE$ON                (abs)        000000
__CFG_OSC$INTIO7              (abs)        000000
__CFG_PBADEN$ON               (abs)        000000
__CFG_PWRT$OFF                (abs)        000000
__CFG_STVREN$ON               (abs)        000000
__CFG_WDT$OFF                 (abs)        000000
__CFG_WDTPS$32768             (abs)        000000
__CFG_WRT0$OFF                (abs)        000000
__CFG_WRT1$OFF                (abs)        000000
__CFG_WRT2$OFF                (abs)        000000
__CFG_WRT3$OFF                (abs)        000000
__CFG_WRTB$OFF                (abs)        000000
__CFG_WRTC$OFF                (abs)        000000
__CFG_WRTD$OFF                (abs)        000000
__CFG_XINST$OFF               (abs)        000000
__HRAM                        (abs)        000000
__Habs1                       abs1         000000
__Hbank0                      bank0        000000
__Hbank1                      bank1        000000
__Hbank2                      bank2        000000
__Hbank3                      bank3        000000
__Hbank4                      bank4        000000
__Hbank5                      bank5        000000
__Hbigbss                     bigbss       000000
__Hbigdata                    bigdata      000000
__Hbigram                     bigram       000000
__Hbss                        bss          000000
__HbssCOMRAM                  bssCOMRAM    000000
__Hcinit                      cinit        000000
__Hclrtext                    clrtext      000000
__Hcomram                     comram       000000
__Hconfig                     config       30000E
__Hconst                      const        000000
__HcstackBANK0                cstackBANK0  000000
__HcstackCOMRAM               cstackCOMRAM 000000
__Hdata                       data         000000
__Heeprom_data                eeprom_data  000000
__Hend_init                   end_init     00013E
__Hfarbss                     farbss       000000
__Hfardata                    fardata      000000
__Hibigdata                   ibigdata     000000
__Hidata                      idata        000000
__Hidloc                      idloc        200008
__Hifardata                   ifardata     000000
__Hinit                       init         00013A
__Hintcode                    intcode      000016
__Hintcode_body               intcode_body 000000
__Hintcodelo                  intcodelo    00013A
__Hintentry                   intentry     000000
__Hintret                     intret       000000
__Hintsave_regs               intsave_regs 000000
__Hirdata                     irdata       000000
__Hmediumconst                mediumconst  000000
__HnvFARRAM                   nvFARRAM     000000
__Hnvbit                      nvbit        000000
__Hnvrram                     nvrram       000000
__Hparam                      rparam       000000
__Hpowerup                    powerup      00013A
__Hram                        ram          000000
__Hramtop                     ramtop       000600
__Hrbit                       rbit         000000
__Hrbss                       rbss         000000
__Hrdata                      rdata        000000
__Hreset_vec                  reset_vec    000004
__Hrparam                     rparam       000000
__Hsfr                        sfr          000000
__Hsmallconst                 smallconst   00063C
__Hspace_0                    (abs)        30000E
__Hspace_1                    (abs)        000098
__Hspace_2                    (abs)        000000
__Hstack                      stack        000000
__Hstruct                     struct       000000
__Htemp                       temp         00005E
__Htext                       text         000000
__Htext0                      text0        000000
__Htext1                      text1        000000
__Htext10                     text10       000000
__Htext11                     text11       000000
__Htext12                     text12       000000
__Htext13                     text13       000000
__Htext14                     text14       000000
__Htext15                     text15       000000
__Htext16                     text16       000000
__Htext17                     text17       000000
__Htext18                     text18       000000
__Htext19                     text19       000000
__Htext2                      text2        000000
__Htext20                     text20       000000
__Htext21                     text21       000000
__Htext22                     text22       000000
__Htext23                     text23       000000
__Htext24                     text24       000000
__Htext25                     text25       000000
__Htext27                     text27       000000
__Htext3                      text3        000000
__Htext4                      text4        000000
__Htext5                      text5        000000
__Htext6                      text6        000000
__Htext7                      text7        000000
__Htext8                      text8        000000
__Htext9                      text9        000000
__LRAM                        (abs)        000001
__Labs1                       abs1         000000
__Lbank0                      bank0        000000
__Lbank1                      bank1        000000
__Lbank2                      bank2        000000
__Lbank3                      bank3        000000
__Lbank4                      bank4        000000
__Lbank5                      bank5        000000
__Lbigbss                     bigbss       000000
__Lbigdata                    bigdata      000000
__Lbigram                     bigram       000000
__Lbss                        bss          000000
__LbssCOMRAM                  bssCOMRAM    000000
__Lcinit                      cinit        000000
__Lclrtext                    clrtext      000000
__Lcomram                     comram       000000
__Lconfig                     config       300000
__Lconst                      const        000000
__LcstackBANK0                cstackBANK0  000000
__LcstackCOMRAM               cstackCOMRAM 000000
__Ldata                       data         000000
__Leeprom_data                eeprom_data  000000
__Lend_init                   end_init     00013A
__Lfarbss                     farbss       000000
__Lfardata                    fardata      000000
__Libigdata                   ibigdata     000000
__Lidata                      idata        000000
__Lidloc                      idloc        200000
__Lifardata                   ifardata     000000
__Linit                       init         00013A
__Lintcode                    intcode      000008
__Lintcode_body               intcode_body 000000
__Lintcodelo                  intcodelo    000018
__Lintentry                   intentry     000000
__Lintret                     intret       000000
__Lintsave_regs               intsave_regs 000000
__Lirdata                     irdata       000000
__Lmediumconst                mediumconst  000000
__LnvFARRAM                   nvFARRAM     000000
__Lnvbit                      nvbit        000000
__Lnvrram                     nvrram       000000
__Lparam                      rparam       000000
__Lpowerup                    powerup      00013A
__Lram                        ram          000000
__Lramtop                     ramtop       000600
__Lrbit                       rbit         000000
__Lrbss                       rbss         000000
__Lrdata                      rdata        000000
__Lreset_vec                  reset_vec    000000
__Lrparam                     rparam       000000
__Lsfr                        sfr          000000
__Lsmallconst                 smallconst   000600
__Lspace_0                    (abs)        000000
__Lspace_1                    (abs)        000000
__Lspace_2                    (abs)        000000
__Lstack                      stack        000000
__Lstruct                     struct       000000
__Ltemp                       temp         00005D
__Ltext                       text         000000
__Ltext0                      text0        000000
__Ltext1                      text1        000000
__Ltext10                     text10       000000
__Ltext11                     text11       000000
__Ltext12                     text12       000000
__Ltext13                     text13       000000
__Ltext14                     text14       000000
__Ltext15                     text15       000000
__Ltext16                     text16       000000
__Ltext17                     text17       000000
__Ltext18                     text18       000000
__Ltext19                     text19       000000
__Ltext2                      text2        000000
__Ltext20                     text20       000000
__Ltext21                     text21       000000
__Ltext22                     text22       000000
__Ltext23                     text23       000000
__Ltext24                     text24       000000
__Ltext25                     text25       000000
__Ltext27                     text27       000000
__Ltext3                      text3        000000
__Ltext4                      text4        000000
__Ltext5                      text5        000000
__Ltext6                      text6        000000
__Ltext7                      text7        000000
__Ltext8                      text8        000000
__Ltext9                      text9        000000
__S0                          (abs)        30000E
__S1                          (abs)        000098
__S2                          (abs)        000000
___ftge                       text22       000D50
___ftge@ff1                   cstackCOMRAM 00003D
___ftge@ff2                   cstackCOMRAM 000040
___ftmul                      text20       0009CC
___ftmul@cntr                 cstackCOMRAM 00003B
___ftmul@exp                  cstackCOMRAM 000037
___ftmul@f1                   cstackCOMRAM 00002E
___ftmul@f2                   cstackCOMRAM 000031
___ftmul@f3_as_product        cstackCOMRAM 000038
___ftmul@sign                 cstackCOMRAM 00003C
___ftpack                     text21       000AC0
___ftpack@arg                 cstackCOMRAM 000023
___ftpack@exp                 cstackCOMRAM 000026
___ftpack@sign                cstackCOMRAM 000027
___inthi_sp                   stack        000000
___intlo_sp                   stack        000000
___lldiv                      text18       000DE0
___lldiv@counter              cstackCOMRAM 00002F
___lldiv@dividend             cstackCOMRAM 000023
___lldiv@divisor              cstackCOMRAM 000027
___lldiv@quotient             cstackCOMRAM 00002B
___llmod                      text17       000F5E
___llmod@counter              cstackCOMRAM 00002B
___llmod@dividend             cstackCOMRAM 000023
___llmod@divisor              cstackCOMRAM 000027
___lwtoft                     text19       00106A
___lwtoft@c                   cstackCOMRAM 00002B
___param_bank                 (abs)        000010
___rparam_used                (abs)        000001
___sp                         stack        000000
__accesstop                   (abs)        000080
__activetblptr                (abs)        000002
__end_of___ftge               text22       000DE0
__end_of___ftmul              text20       000AC0
__end_of___ftpack             text21       000B6E
__end_of___lldiv              text18       000E62
__end_of___llmod              text17       000FC4
__end_of___lwtoft             text19       00108E
__end_of__initialization      cinit        0010F4
__end_of_adcRead              text25       00106A
__end_of_configureInterrupts  text24       001150
__end_of_configureOscillator  text23       001136
__end_of_delay                text12       000CBE
__end_of_fdcInit              text8        000C18
__end_of_fdcMeas              text5        0007D4
__end_of_fdcRead              text7        000D50
__end_of_fdcReset             text4        0010CA
__end_of_fdcSleep             text6        0010E8
__end_of_fdcWrite             text9        001168
__end_of_i2cISR               intcode_body 000EE2
__end_of_i2cIdle              text11       00111C
__end_of_i2cInit              text3        00117E
__end_of_i2cStart             text10       001008
__end_of_lowISR               intcodelo    00013A
__end_of_main                 text0        0008D6
__end_of_readChar             text2        00118C
__end_of_uartInit             text1        0010AC
__end_of_ultoa                text16       0009CC
__end_of_writeChar            text15       001198
__end_of_writeStr             text14       000F5E
__end_of_writeVal             text13       00103A
__end_ofi1_writeChar          text27       0011A4
__initialization              cinit        0010E8
__mediumconst                 mediumconst  000000
__pbssCOMRAM                  bssCOMRAM    000051
__pcinit                      cinit        0010E8
__pcstackBANK0                cstackBANK0  000080
__pcstackCOMRAM               cstackCOMRAM 000001
__pintcode                    intcode      000008
__pintcode_body               intcode_body 000E62
__pintcodelo                  intcodelo    000018
__psmallconst                 smallconst   000600
__ptext0                      text0        0007D4
__ptext1                      text1        00108E
__ptext10                     text10       000FC4
__ptext11                     text11       001102
__ptext12                     text12       000C18
__ptext13                     text13       001008
__ptext14                     text14       000EE2
__ptext15                     text15       00118C
__ptext16                     text16       0008D6
__ptext17                     text17       000F5E
__ptext18                     text18       000DE0
__ptext19                     text19       00106A
__ptext2                      text2        00117E
__ptext20                     text20       0009CC
__ptext21                     text21       000AC0
__ptext22                     text22       000D50
__ptext23                     text23       00111C
__ptext24                     text24       001136
__ptext25                     text25       00103A
__ptext27                     text27       001198
__ptext3                      text3        001168
__ptext4                      text4        0010AC
__ptext5                      text5        00063C
__ptext6                      text6        0010CA
__ptext7                      text7        000CBE
__ptext8                      text8        000B6E
__ptext9                      text9        001150
__ramtop                      ramtop       000600
__size_of___ftge              (abs)        000000
__size_of___ftmul             (abs)        000000
__size_of___ftpack            (abs)        000000
__size_of___lldiv             (abs)        000000
__size_of___llmod             (abs)        000000
__size_of___lwtoft            (abs)        000000
__size_of_adcRead             (abs)        000000
__size_of_configureInterrupts (abs)        000000
__size_of_configureOscillator (abs)        000000
__size_of_delay               (abs)        000000
__size_of_fdcInit             (abs)        000000
__size_of_fdcMeas             (abs)        000000
__size_of_fdcRead             (abs)        000000
__size_of_fdcReset            (abs)        000000
__size_of_fdcSleep            (abs)        000000
__size_of_fdcWrite            (abs)        000000
__size_of_i2cISR              (abs)        000000
__size_of_i2cIdle             (abs)        000000
__size_of_i2cInit             (abs)        000000
__size_of_i2cStart            (abs)        000000
__size_of_lowISR              (abs)        000000
__size_of_main                (abs)        000000
__size_of_readChar            (abs)        000000
__size_of_uartInit            (abs)        000000
__size_of_ultoa               (abs)        000000
__size_of_writeChar           (abs)        000000
__size_of_writeStr            (abs)        000000
__size_of_writeVal            (abs)        000000
__size_ofi1_writeChar         (abs)        000000
__smallconst                  smallconst   000600
_ackflag                      bssCOMRAM    000053
_adcRead                      text25       00103A
_adcflag                      bssCOMRAM    000054
_b_error                      bssCOMRAM    000055
_con_sen                      bssCOMRAM    000056
_configureInterrupts          text24       001136
_configureOscillator          text23       00111C
_count                        bssCOMRAM    000051
_data                         bssCOMRAM    000057
_data_rdy                     bssCOMRAM    000058
_delay                        text12       000C18
_en_read                      bssCOMRAM    000059
_fdcInit                      text8        000B6E
_fdcMeas                      text5        00063C
_fdcRead                      text7        000CBE
_fdcReset                     text4        0010AC
_fdcSleep                     text6        0010CA
_fdcWrite                     text9        001150
_garb                         bssCOMRAM    00005A
_i2cISR                       intcode      000008
_i2cIdle                      text11       001102
_i2cInit                      text3        001168
_i2cStart                     text10       000FC4
_lowISR                       intcodelo    000018
_main                         text0        0007D4
_readChar                     text2        00117E
_uartInit                     text1        00108E
_ultoa                        text16       0008D6
_writeChar                    text15       00118C
_writeStr                     text14       000EE2
_writeVal                     text13       001008
adcRead@channel               cstackCOMRAM 000026
adcRead@val                   cstackCOMRAM 000027
btemp                         temp         00005D
delay@done                    cstackCOMRAM 00004C
delay@i                       cstackCOMRAM 00004B
delay@sec                     cstackCOMRAM 000046
delay@t1                      cstackCOMRAM 00004D
delay@t2                      cstackCOMRAM 00004F
end_of_initialization         cinit        0010F4
fdcInit@cap_w                 cstackCOMRAM 00002E
fdcMeas@buf                   cstackCOMRAM 00004A
fdcMeas@i                     cstackCOMRAM 000047
fdcMeas@rdy                   cstackCOMRAM 000049
fdcMeas@samples               cstackCOMRAM 000041
fdcRead@ack                   cstackCOMRAM 000032
fdcRead@header                cstackCOMRAM 000030
fdcRead@i                     cstackCOMRAM 000034
fdcRead@reg                   cstackCOMRAM 00002F
fdcRead@val                   bssCOMRAM    00005B
fdcReset@cap_w                cstackCOMRAM 00002E
fdcSleep@cap_w                cstackCOMRAM 00002E
fdcWrite@input                cstackCOMRAM 00002C
i1_writeChar                  text27       001198
i1writeChar@c                 cstackCOMRAM 000001
i2cStart@i                    cstackCOMRAM 00002A
i2cStart@input                cstackCOMRAM 000024
i2cStart@len                  cstackCOMRAM 000026
int$flags                     temp         00005D
int_func                      intcode_body 000E62
intlevel0                     text         000000
intlevel1                     text         000000
intlevel2                     text         000000
intlevel3                     text         000000
main@capstat                  cstackBANK0  000095
main@cmd                      cstackBANK0  000097
stackhi                       (abs)        0005FF
stacklo                       (abs)        000098
start                         init         00013A
start_initialization          cinit        0010E8
ultoa@base                    cstackCOMRAM 000036
ultoa@buf                     cstackCOMRAM 000030
ultoa@c                       cstackCOMRAM 00003C
ultoa@v                       cstackCOMRAM 000038
ultoa@val                     cstackCOMRAM 000032
writeChar@c                   cstackCOMRAM 000023
writeStr@i                    cstackCOMRAM 000028
writeStr@str                  cstackCOMRAM 000024
writeVal@buffer               cstackBANK0  000080
writeVal@val                  cstackCOMRAM 00003D


FUNCTION INFORMATION:

 *************** function _main *****************
 Defined at:
		line 28 in file "main.c"
 Parameters:    Size  Location     Type
		None
 Auto vars:     Size  Location     Type
  adcstat         3    0        PTR unsigned char 
  capstat         2   21[BANK0 ] PTR unsigned char 
		 -> fdcRead@val(2), adcRead@val(2), 
  cmd             1   23[BANK0 ] unsigned char 
 Return value:  Size  Location     Type
		None               void
 Registers used:
		wreg, fsr2l, fsr2h, status,2, status,0, tblptrl, tblptrh, tblptru, prodl, prodh, cstack
 Tracked objects:
		On entry : 
		On exit  : 
		Unchanged: 
 Data sizes:     COMRAM   BANK0   BANK1   BANK2   BANK3   BANK4   BANK5
      Params:         0       0       0       0       0       0       0
      Locals:         0       3       0       0       0       0       0
      Temps:          0       1       0       0       0       0       0
      Totals:         0       4       0       0       0       0       0
Total ram usage:        4 bytes
 Hardware stack levels required when called:    8
 This function calls:
		_adcRead
		_configureInterrupts
		_configureOscillator
		_delay
		_fdcMeas
		_fdcRead
		_fdcReset
		_i2cInit
		_readChar
		_uartInit
		_writeChar
		_writeStr
		_writeVal
 This function is called by:
		Startup code after reset
 This function uses a non-reentrant model


 *************** function _uartInit *****************
 Defined at:
		line 21 in file "uart.c"
 Parameters:    Size  Location     Type
		None
 Auto vars:     Size  Location     Type
		None
 Return value:  Size  Location     Type
		None               void
 Registers used:
		wreg, status,2
 Tracked objects:
		On entry : 
		On exit  : 
		Unchanged: 
 Data sizes:     COMRAM   BANK0   BANK1   BANK2   BANK3   BANK4   BANK5
      Params:         0       0       0       0       0       0       0
      Locals:         0       0       0       0       0       0       0
      Temps:          0       0       0       0       0       0       0
      Totals:         0       0       0       0       0       0       0
Total ram usage:        0 bytes
 Hardware stack levels used:    1
 Hardware stack levels required when called:    3
 This function calls:
		Nothing
 This function is called by:
		_main
 This function uses a non-reentrant model


 *************** function _readChar *****************
 Defined at:
		line 53 in file "uart.c"
 Parameters:    Size  Location     Type
		None
 Auto vars:     Size  Location     Type
		None
 Return value:  Size  Location     Type
                  1    wreg      unsigned char 
 Registers used:
		wreg, status,2
 Tracked objects:
		On entry : 
		On exit  : 
		Unchanged: 
 Data sizes:     COMRAM   BANK0   BANK1   BANK2   BANK3   BANK4   BANK5
      Params:         0       0       0       0       0       0       0
      Locals:         0       0       0       0       0       0       0
      Temps:          0       0       0       0       0       0       0
      Totals:         0       0       0       0       0       0       0
Total ram usage:        0 bytes
 Hardware stack levels used:    1
 Hardware stack levels required when called:    3
 This function calls:
		Nothing
 This function is called by:
		_main
		_readStr
		_readOpt
 This function uses a non-reentrant model


 *************** function _i2cInit *****************
 Defined at:
		line 21 in file "i2clib.c"
 Parameters:    Size  Location     Type
		None
 Auto vars:     Size  Location     Type
		None
 Return value:  Size  Location     Type
		None               void
 Registers used:
		wreg, status,2
 Tracked objects:
		On entry : 
		On exit  : 
		Unchanged: 
 Data sizes:     COMRAM   BANK0   BANK1   BANK2   BANK3   BANK4   BANK5
      Params:         0       0       0       0       0       0       0
      Locals:         0       0       0       0       0       0       0
      Temps:          0       0       0       0       0       0       0
      Totals:         0       0       0       0       0       0       0
Total ram usage:        0 bytes
 Hardware stack levels used:    1
 Hardware stack levels required when called:    3
 This function calls:
		Nothing
 This function is called by:
		_main
 This function uses a non-reentrant model


 *************** function _fdcReset *****************
 Defined at:
		line 111 in file "fdc2214.c"
 Parameters:    Size  Location     Type
		None
 Auto vars:     Size  Location     Type
  cap_w           4   45[COMRAM] unsigned char [4]
 Return value:  Size  Location     Type
		None               void
 Registers used:
		wreg, fsr2l, fsr2h, status,2, status,0, cstack
 Tracked objects:
		On entry : 
		On exit  : 
		Unchanged: 
 Data sizes:     COMRAM   BANK0   BANK1   BANK2   BANK3   BANK4   BANK5
      Params:         0       0       0       0       0       0       0
      Locals:         4       0       0       0       0       0       0
      Temps:          0       0       0       0       0       0       0
      Totals:         4       0       0       0       0       0       0
Total ram usage:        4 bytes
 Hardware stack levels used:    1
 Hardware stack levels required when called:    6
 This function calls:
		_fdcWrite
 This function is called by:
		_main
 This function uses a non-reentrant model


 *************** function _fdcMeas *****************
 Defined at:
		line 120 in file "fdc2214.c"
 Parameters:    Size  Location     Type
  samples         2   64[COMRAM] unsigned int 
 Auto vars:     Size  Location     Type
  i               2   70[COMRAM] int 
  buf             2   73[COMRAM] PTR unsigned char 
		 -> fdcRead@val(2), 
  rdy             1   72[COMRAM] unsigned char 
 Return value:  Size  Location     Type
		None               void
 Registers used:
		wreg, fsr2l, fsr2h, status,2, status,0, tblptrl, tblptrh, tblptru, prodl, prodh, cstack
 Tracked objects:
		On entry : 
		On exit  : 
		Unchanged: 
 Data sizes:     COMRAM   BANK0   BANK1   BANK2   BANK3   BANK4   BANK5
      Params:         2       0       0       0       0       0       0
      Locals:         5       0       0       0       0       0       0
      Temps:          4       0       0       0       0       0       0
      Totals:        11       0       0       0       0       0       0
Total ram usage:       11 bytes
 Hardware stack levels used:    1
 Hardware stack levels required when called:    7
 This function calls:
		_fdcInit
		_fdcRead
		_fdcSleep
		_writeChar
		_writeStr
		_writeVal
 This function is called by:
		_main
 This function uses a non-reentrant model


 *************** function _fdcSleep *****************
 Defined at:
		line 103 in file "fdc2214.c"
 Parameters:    Size  Location     Type
		None
 Auto vars:     Size  Location     Type
  cap_w           4   45[COMRAM] unsigned char [4]
 Return value:  Size  Location     Type
		None               void
 Registers used:
		wreg, fsr2l, fsr2h, status,2, status,0, cstack
 Tracked objects:
		On entry : 
		On exit  : 
		Unchanged: 
 Data sizes:     COMRAM   BANK0   BANK1   BANK2   BANK3   BANK4   BANK5
      Params:         0       0       0       0       0       0       0
      Locals:         4       0       0       0       0       0       0
      Temps:          0       0       0       0       0       0       0
      Totals:         4       0       0       0       0       0       0
Total ram usage:        4 bytes
 Hardware stack levels used:    1
 Hardware stack levels required when called:    6
 This function calls:
		_fdcWrite
 This function is called by:
		_fdcMeas
 This function uses a non-reentrant model


 *************** function _fdcRead *****************
 Defined at:
		line 36 in file "fdc2214.c"
 Parameters:    Size  Location     Type
  reg             1    wreg     unsigned char 
 Auto vars:     Size  Location     Type
  reg             1   46[COMRAM] unsigned char 
  i               1   51[COMRAM] unsigned char 
  ack             2   49[COMRAM] unsigned char [2]
  header          2   47[COMRAM] unsigned char [2]
 Return value:  Size  Location     Type
                  2   43[COMRAM] PTR unsigned char 
 Registers used:
		wreg, fsr2l, fsr2h, status,2, status,0, prodl, prodh, cstack
 Tracked objects:
		On entry : 
		On exit  : 
		Unchanged: 
 Data sizes:     COMRAM   BANK0   BANK1   BANK2   BANK3   BANK4   BANK5
      Params:         2       0       0       0       0       0       0
      Locals:         6       0       0       0       0       0       0
      Temps:          1       0       0       0       0       0       0
      Totals:         9       0       0       0       0       0       0
Total ram usage:        9 bytes
 Hardware stack levels used:    1
 Hardware stack levels required when called:    5
 This function calls:
		_i2cIdle
		_i2cStart
 This function is called by:
		_fdcMeas
		_main
 This function uses a non-reentrant model


 *************** function _fdcInit *****************
 Defined at:
		line 65 in file "fdc2214.c"
 Parameters:    Size  Location     Type
		None
 Auto vars:     Size  Location     Type
  cap_w           4   45[COMRAM] unsigned char [4]
 Return value:  Size  Location     Type
		None               void
 Registers used:
		wreg, fsr2l, fsr2h, status,2, status,0, cstack
 Tracked objects:
		On entry : 
		On exit  : 
		Unchanged: 
 Data sizes:     COMRAM   BANK0   BANK1   BANK2   BANK3   BANK4   BANK5
      Params:         0       0       0       0       0       0       0
      Locals:         4       0       0       0       0       0       0
      Temps:          0       0       0       0       0       0       0
      Totals:         4       0       0       0       0       0       0
Total ram usage:        4 bytes
 Hardware stack levels used:    1
 Hardware stack levels required when called:    6
 This function calls:
		_fdcWrite
 This function is called by:
		_fdcMeas
 This function uses a non-reentrant model


 *************** function _fdcWrite *****************
 Defined at:
		line 60 in file "fdc2214.c"
 Parameters:    Size  Location     Type
  input           2   43[COMRAM] PTR unsigned char 
		 -> fdcReset@cap_w(4), fdcSleep@cap_w(4), fdcInit@cap_w(4), 
 Auto vars:     Size  Location     Type
		None
 Return value:  Size  Location     Type
		None               void
 Registers used:
		wreg, fsr2l, fsr2h, status,2, status,0, cstack
 Tracked objects:
		On entry : 
		On exit  : 
		Unchanged: 
 Data sizes:     COMRAM   BANK0   BANK1   BANK2   BANK3   BANK4   BANK5
      Params:         2       0       0       0       0       0       0
      Locals:         0       0       0       0       0       0       0
      Temps:          0       0       0       0       0       0       0
      Totals:         2       0       0       0       0       0       0
Total ram usage:        2 bytes
 Hardware stack levels used:    1
 Hardware stack levels required when called:    5
 This function calls:
		_i2cIdle
		_i2cStart
 This function is called by:
		_fdcInit
		_fdcSleep
		_fdcReset
 This function uses a non-reentrant model


 *************** function _i2cStart *****************
 Defined at:
		line 34 in file "i2clib.c"
 Parameters:    Size  Location     Type
  input           2   35[COMRAM] PTR unsigned char 
		 -> fdcReset@cap_w(4), fdcSleep@cap_w(4), fdcInit@cap_w(4), fdcRead@header(2), 
  len             1   37[COMRAM] unsigned char 
 Auto vars:     Size  Location     Type
  i               2   41[COMRAM] int 
 Return value:  Size  Location     Type
		None               void
 Registers used:
		wreg, fsr2l, fsr2h, status,2, status,0, cstack
 Tracked objects:
		On entry : 
		On exit  : 
		Unchanged: 
 Data sizes:     COMRAM   BANK0   BANK1   BANK2   BANK3   BANK4   BANK5
      Params:         3       0       0       0       0       0       0
      Locals:         2       0       0       0       0       0       0
      Temps:          3       0       0       0       0       0       0
      Totals:         8       0       0       0       0       0       0
Total ram usage:        8 bytes
 Hardware stack levels used:    1
 Hardware stack levels required when called:    4
 This function calls:
		_i2cIdle
 This function is called by:
		_fdcRead
		_fdcWrite
		_writePot
		_readPot
 This function uses a non-reentrant model


 *************** function _i2cIdle *****************
 Defined at:
		line 30 in file "i2clib.c"
 Parameters:    Size  Location     Type
		None
 Auto vars:     Size  Location     Type
		None
 Return value:  Size  Location     Type
		None               void
 Registers used:
		wreg, status,2, status,0
 Tracked objects:
		On entry : 
		On exit  : 
		Unchanged: 
 Data sizes:     COMRAM   BANK0   BANK1   BANK2   BANK3   BANK4   BANK5
      Params:         0       0       0       0       0       0       0
      Locals:         0       0       0       0       0       0       0
      Temps:          1       0       0       0       0       0       0
      Totals:         1       0       0       0       0       0       0
Total ram usage:        1 bytes
 Hardware stack levels used:    1
 Hardware stack levels required when called:    3
 This function calls:
		Nothing
 This function is called by:
		_fdcRead
		_fdcWrite
		_i2cStart
		_writePot
		_readPot
 This function uses a non-reentrant model


 *************** function _delay *****************
 Defined at:
		line 27 in file "timer.c"
 Parameters:    Size  Location     Type
  sec             3   69[COMRAM] float 
 Auto vars:     Size  Location     Type
  t2              2   78[COMRAM] volatile unsigned int 
  t1              2   76[COMRAM] volatile unsigned int 
  done            1   75[COMRAM] unsigned char 
  i               1   74[COMRAM] unsigned char 
 Return value:  Size  Location     Type
		None               void
 Registers used:
		wreg, fsr2l, fsr2h, status,2, status,0, tblptrl, tblptrh, tblptru, prodl, prodh, cstack
 Tracked objects:
		On entry : 
		On exit  : 
		Unchanged: 
 Data sizes:     COMRAM   BANK0   BANK1   BANK2   BANK3   BANK4   BANK5
      Params:         3       0       0       0       0       0       0
      Locals:         6       0       0       0       0       0       0
      Temps:          2       0       0       0       0       0       0
      Totals:        11       0       0       0       0       0       0
Total ram usage:       11 bytes
 Hardware stack levels used:    1
 Hardware stack levels required when called:    6
 This function calls:
		___ftge
		___ftmul
		___lwtoft
		_writeVal
 This function is called by:
		_main
 This function uses a non-reentrant model


 *************** function _writeVal *****************
 Defined at:
		line 72 in file "uart.c"
 Parameters:    Size  Location     Type
  val             4   60[COMRAM] unsigned long 
 Auto vars:     Size  Location     Type
  buffer         20    0[BANK0 ] unsigned char [20]
 Return value:  Size  Location     Type
		None               void
 Registers used:
		wreg, fsr2l, fsr2h, status,2, status,0, tblptrl, tblptrh, tblptru, prodl, prodh, cstack
 Tracked objects:
		On entry : 
		On exit  : 
		Unchanged: 
 Data sizes:     COMRAM   BANK0   BANK1   BANK2   BANK3   BANK4   BANK5
      Params:         4       0       0       0       0       0       0
      Locals:         0      20       0       0       0       0       0
      Temps:          0       0       0       0       0       0       0
      Totals:         4      20       0       0       0       0       0
Total ram usage:       24 bytes
 Hardware stack levels used:    1
 Hardware stack levels required when called:    5
 This function calls:
		_ultoa
		_writeStr
 This function is called by:
		_fdcMeas
		_main
		_delay
 This function uses a non-reentrant model


 *************** function _writeStr *****************
 Defined at:
		line 47 in file "uart.c"
 Parameters:    Size  Location     Type
  str             2   35[COMRAM] PTR unsigned char 
		 -> writeVal@buffer(20), STR_9(5), STR_8(5), STR_7(10), 
		 -> STR_6(6), STR_5(7), STR_4(6), STR_3(6), 
		 -> STR_2(6), STR_1(6), 
 Auto vars:     Size  Location     Type
  i               1   39[COMRAM] unsigned char 
 Return value:  Size  Location     Type
		None               void
 Registers used:
		wreg, fsr2l, fsr2h, status,2, status,0, tblptrl, tblptrh, tblptru, prodl, prodh, cstack
 Tracked objects:
		On entry : 
		On exit  : 
		Unchanged: 
 Data sizes:     COMRAM   BANK0   BANK1   BANK2   BANK3   BANK4   BANK5
      Params:         2       0       0       0       0       0       0
      Locals:         1       0       0       0       0       0       0
      Temps:          2       0       0       0       0       0       0
      Totals:         5       0       0       0       0       0       0
Total ram usage:        5 bytes
 Hardware stack levels used:    1
 Hardware stack levels required when called:    4
 This function calls:
		_writeChar
 This function is called by:
		_fdcMeas
		_main
		_writeVal
 This function uses a non-reentrant model


 *************** function _writeChar *****************
 Defined at:
		line 41 in file "uart.c"
 Parameters:    Size  Location     Type
  c               1    wreg     unsigned char 
 Auto vars:     Size  Location     Type
  c               1   34[COMRAM] unsigned char 
 Return value:  Size  Location     Type
		None               void
 Registers used:
		wreg
 Tracked objects:
		On entry : 
		On exit  : 
		Unchanged: 
 Data sizes:     COMRAM   BANK0   BANK1   BANK2   BANK3   BANK4   BANK5
      Params:         0       0       0       0       0       0       0
      Locals:         1       0       0       0       0       0       0
      Temps:          0       0       0       0       0       0       0
      Totals:         1       0       0       0       0       0       0
Total ram usage:        1 bytes
 Hardware stack levels used:    1
 Hardware stack levels required when called:    3
 This function calls:
		Nothing
 This function is called by:
		_fdcMeas
		_main
		_writeStr
 This function uses a non-reentrant model


 *************** function _ultoa *****************
 Defined at:
		line 32 in file "C:\Program Files (x86)\Microchip\xc8\v1.35\sources\common\ltoa.c"
 Parameters:    Size  Location     Type
  buf             2   47[COMRAM] PTR unsigned char 
		 -> writeVal@buffer(20), 
  val             4   49[COMRAM] unsigned long 
  base            2   53[COMRAM] int 
 Auto vars:     Size  Location     Type
  v               4   55[COMRAM] unsigned long 
  c               1   59[COMRAM] unsigned char 
 Return value:  Size  Location     Type
                  2   47[COMRAM] PTR unsigned char 
 Registers used:
		wreg, fsr2l, fsr2h, status,2, status,0, cstack
 Tracked objects:
		On entry : 
		On exit  : 
		Unchanged: 
 Data sizes:     COMRAM   BANK0   BANK1   BANK2   BANK3   BANK4   BANK5
      Params:         8       0       0       0       0       0       0
      Locals:         5       0       0       0       0       0       0
      Temps:          0       0       0       0       0       0       0
      Totals:        13       0       0       0       0       0       0
Total ram usage:       13 bytes
 Hardware stack levels used:    1
 Hardware stack levels required when called:    4
 This function calls:
		___lldiv
		___llmod
 This function is called by:
		_writeVal
 This function uses a non-reentrant model


 *************** function ___llmod *****************
 Defined at:
		line 8 in file "C:\Program Files (x86)\Microchip\xc8\v1.35\sources\common\llmod.c"
 Parameters:    Size  Location     Type
  dividend        4   34[COMRAM] unsigned long 
  divisor         4   38[COMRAM] unsigned long 
 Auto vars:     Size  Location     Type
  counter         1   42[COMRAM] unsigned char 
 Return value:  Size  Location     Type
                  4   34[COMRAM] unsigned long 
 Registers used:
		wreg, status,2, status,0
 Tracked objects:
		On entry : 
		On exit  : 
		Unchanged: 
 Data sizes:     COMRAM   BANK0   BANK1   BANK2   BANK3   BANK4   BANK5
      Params:         8       0       0       0       0       0       0
      Locals:         1       0       0       0       0       0       0
      Temps:          0       0       0       0       0       0       0
      Totals:         9       0       0       0       0       0       0
Total ram usage:        9 bytes
 Hardware stack levels used:    1
 Hardware stack levels required when called:    3
 This function calls:
		Nothing
 This function is called by:
		_ultoa
 This function uses a non-reentrant model


 *************** function ___lldiv *****************
 Defined at:
		line 8 in file "C:\Program Files (x86)\Microchip\xc8\v1.35\sources\common\lldiv.c"
 Parameters:    Size  Location     Type
  dividend        4   34[COMRAM] unsigned long 
  divisor         4   38[COMRAM] unsigned long 
 Auto vars:     Size  Location     Type
  quotient        4   42[COMRAM] unsigned long 
  counter         1   46[COMRAM] unsigned char 
 Return value:  Size  Location     Type
                  4   34[COMRAM] unsigned long 
 Registers used:
		wreg, status,2, status,0
 Tracked objects:
		On entry : 
		On exit  : 
		Unchanged: 
 Data sizes:     COMRAM   BANK0   BANK1   BANK2   BANK3   BANK4   BANK5
      Params:         8       0       0       0       0       0       0
      Locals:         5       0       0       0       0       0       0
      Temps:          0       0       0       0       0       0       0
      Totals:        13       0       0       0       0       0       0
Total ram usage:       13 bytes
 Hardware stack levels used:    1
 Hardware stack levels required when called:    3
 This function calls:
		Nothing
 This function is called by:
		_ultoa
 This function uses a non-reentrant model


 *************** function ___lwtoft *****************
 Defined at:
		line 28 in file "C:\Program Files (x86)\Microchip\xc8\v1.35\sources\common\lwtoft.c"
 Parameters:    Size  Location     Type
  c               2   42[COMRAM] unsigned int 
 Auto vars:     Size  Location     Type
		None
 Return value:  Size  Location     Type
                  3   42[COMRAM] float 
 Registers used:
		wreg, status,2, status,0, cstack
 Tracked objects:
		On entry : 
		On exit  : 
		Unchanged: 
 Data sizes:     COMRAM   BANK0   BANK1   BANK2   BANK3   BANK4   BANK5
      Params:         3       0       0       0       0       0       0
      Locals:         0       0       0       0       0       0       0
      Temps:          0       0       0       0       0       0       0
      Totals:         3       0       0       0       0       0       0
Total ram usage:        3 bytes
 Hardware stack levels used:    1
 Hardware stack levels required when called:    4
 This function calls:
		___ftpack
 This function is called by:
		_delay
 This function uses a non-reentrant model


 *************** function ___ftmul *****************
 Defined at:
		line 62 in file "C:\Program Files (x86)\Microchip\xc8\v1.35\sources\common\ftmul.c"
 Parameters:    Size  Location     Type
  f1              3   45[COMRAM] float 
  f2              3   48[COMRAM] float 
 Auto vars:     Size  Location     Type
  f3_as_produc    3   55[COMRAM] unsigned um
  sign            1   59[COMRAM] unsigned char 
  cntr            1   58[COMRAM] unsigned char 
  exp             1   54[COMRAM] unsigned char 
 Return value:  Size  Location     Type
                  3   45[COMRAM] float 
 Registers used:
		wreg, status,2, status,0, cstack
 Tracked objects:
		On entry : 
		On exit  : 
		Unchanged: 
 Data sizes:     COMRAM   BANK0   BANK1   BANK2   BANK3   BANK4   BANK5
      Params:         6       0       0       0       0       0       0
      Locals:         6       0       0       0       0       0       0
      Temps:          3       0       0       0       0       0       0
      Totals:        15       0       0       0       0       0       0
Total ram usage:       15 bytes
 Hardware stack levels used:    1
 Hardware stack levels required when called:    4
 This function calls:
		___ftpack
 This function is called by:
		_delay
 This function uses a non-reentrant model


 *************** function ___ftpack *****************
 Defined at:
		line 62 in file "C:\Program Files (x86)\Microchip\xc8\v1.35\sources\common\float.c"
 Parameters:    Size  Location     Type
  arg             3   34[COMRAM] unsigned um
  exp             1   37[COMRAM] unsigned char 
  sign            1   38[COMRAM] unsigned char 
 Auto vars:     Size  Location     Type
		None
 Return value:  Size  Location     Type
                  3   34[COMRAM] float 
 Registers used:
		wreg, status,2, status,0
 Tracked objects:
		On entry : 
		On exit  : 
		Unchanged: 
 Data sizes:     COMRAM   BANK0   BANK1   BANK2   BANK3   BANK4   BANK5
      Params:         5       0       0       0       0       0       0
      Locals:         0       0       0       0       0       0       0
      Temps:          3       0       0       0       0       0       0
      Totals:         8       0       0       0       0       0       0
Total ram usage:        8 bytes
 Hardware stack levels used:    1
 Hardware stack levels required when called:    3
 This function calls:
		Nothing
 This function is called by:
		___ftmul
		___lwtoft
 This function uses a non-reentrant model


 *************** function ___ftge *****************
 Defined at:
		line 4 in file "C:\Program Files (x86)\Microchip\xc8\v1.35\sources\common\ftge.c"
 Parameters:    Size  Location     Type
  ff1             3   60[COMRAM] float 
  ff2             3   63[COMRAM] float 
 Auto vars:     Size  Location     Type
		None
 Return value:  Size  Location     Type
		None               void
 Registers used:
		wreg, status,2, status,0
 Tracked objects:
		On entry : 
		On exit  : 
		Unchanged: 
 Data sizes:     COMRAM   BANK0   BANK1   BANK2   BANK3   BANK4   BANK5
      Params:         6       0       0       0       0       0       0
      Locals:         0       0       0       0       0       0       0
      Temps:          3       0       0       0       0       0       0
      Totals:         9       0       0       0       0       0       0
Total ram usage:        9 bytes
 Hardware stack levels used:    1
 Hardware stack levels required when called:    3
 This function calls:
		Nothing
 This function is called by:
		_delay
 This function uses a non-reentrant model


 *************** function _configureOscillator *****************
 Defined at:
		line 24 in file "system.c"
 Parameters:    Size  Location     Type
		None
 Auto vars:     Size  Location     Type
		None
 Return value:  Size  Location     Type
		None               void
 Registers used:
		wreg, status,2
 Tracked objects:
		On entry : 
		On exit  : 
		Unchanged: 
 Data sizes:     COMRAM   BANK0   BANK1   BANK2   BANK3   BANK4   BANK5
      Params:         0       0       0       0       0       0       0
      Locals:         0       0       0       0       0       0       0
      Temps:          0       0       0       0       0       0       0
      Totals:         0       0       0       0       0       0       0
Total ram usage:        0 bytes
 Hardware stack levels used:    1
 Hardware stack levels required when called:    3
 This function calls:
		Nothing
 This function is called by:
		_main
 This function uses a non-reentrant model


 *************** function _configureInterrupts *****************
 Defined at:
		line 33 in file "system.c"
 Parameters:    Size  Location     Type
		None
 Auto vars:     Size  Location     Type
		None
 Return value:  Size  Location     Type
		None               void
 Registers used:
		None
 Tracked objects:
		On entry : 
		On exit  : 
		Unchanged: 
 Data sizes:     COMRAM   BANK0   BANK1   BANK2   BANK3   BANK4   BANK5
      Params:         0       0       0       0       0       0       0
      Locals:         0       0       0       0       0       0       0
      Temps:          0       0       0       0       0       0       0
      Totals:         0       0       0       0       0       0       0
Total ram usage:        0 bytes
 Hardware stack levels used:    1
 Hardware stack levels required when called:    3
 This function calls:
		Nothing
 This function is called by:
		_main
 This function uses a non-reentrant model


 *************** function _adcRead *****************
 Defined at:
		line 38 in file "adclib.c"
 Parameters:    Size  Location     Type
  channel         1    wreg     unsigned char 
 Auto vars:     Size  Location     Type
  channel         1   37[COMRAM] unsigned char 
  val             2   38[COMRAM] unsigned char [2]
 Return value:  Size  Location     Type
                  2   34[COMRAM] PTR unsigned char 
 Registers used:
		wreg, status,2, status,0
 Tracked objects:
		On entry : 
		On exit  : 
		Unchanged: 
 Data sizes:     COMRAM   BANK0   BANK1   BANK2   BANK3   BANK4   BANK5
      Params:         2       0       0       0       0       0       0
      Locals:         3       0       0       0       0       0       0
      Temps:          1       0       0       0       0       0       0
      Totals:         6       0       0       0       0       0       0
Total ram usage:        6 bytes
 Hardware stack levels used:    1
 Hardware stack levels required when called:    3
 This function calls:
		Nothing
 This function is called by:
		_main
 This function uses a non-reentrant model


 *************** function _lowISR *****************
 Defined at:
		line 31 in file "interrupts.c"
 Parameters:    Size  Location     Type
		None
 Auto vars:     Size  Location     Type
		None
 Return value:  Size  Location     Type
		None               void
 Registers used:
		wreg, status,2, status,0, cstack
 Tracked objects:
		On entry : 
		On exit  : 
		Unchanged: 
 Data sizes:     COMRAM   BANK0   BANK1   BANK2   BANK3   BANK4   BANK5
      Params:         0       0       0       0       0       0       0
      Locals:         0       0       0       0       0       0       0
      Temps:         19       0       0       0       0       0       0
      Totals:        19       0       0       0       0       0       0
Total ram usage:       19 bytes
 Hardware stack levels used:    1
 Hardware stack levels required when called:    2
 This function calls:
		i1_writeChar
 This function is called by:
		Interrupt level 1
 This function uses a non-reentrant model


 *************** function i1_writeChar *****************
 Defined at:
		line 41 in file "uart.c"
 Parameters:    Size  Location     Type
  c               1    wreg     unsigned char 
 Auto vars:     Size  Location     Type
  c               1    0[COMRAM] unsigned char 
 Return value:  Size  Location     Type
		None               void
 Registers used:
		wreg
 Tracked objects:
		On entry : 
		On exit  : 
		Unchanged: 
 Data sizes:     COMRAM   BANK0   BANK1   BANK2   BANK3   BANK4   BANK5
      Params:         0       0       0       0       0       0       0
      Locals:         1       0       0       0       0       0       0
      Temps:          0       0       0       0       0       0       0
      Totals:         1       0       0       0       0       0       0
Total ram usage:        1 bytes
 Hardware stack levels used:    1
 Hardware stack levels required when called:    1
 This function calls:
		Nothing
 This function is called by:
		_lowISR
 This function uses a non-reentrant model


 *************** function _i2cISR *****************
 Defined at:
		line 24 in file "interrupts.c"
 Parameters:    Size  Location     Type
		None
 Auto vars:     Size  Location     Type
		None
 Return value:  Size  Location     Type
		None               void
 Registers used:
		wreg, status,2, status,0
 Tracked objects:
		On entry : 
		On exit  : 
		Unchanged: 
 Data sizes:     COMRAM   BANK0   BANK1   BANK2   BANK3   BANK4   BANK5
      Params:         0       0       0       0       0       0       0
      Locals:         0       0       0       0       0       0       0
      Temps:         14       0       0       0       0       0       0
      Totals:        14       0       0       0       0       0       0
Total ram usage:       14 bytes
 Hardware stack levels used:    1
 This function calls:
		Nothing
 This function is called by:
		Interrupt level 2
 This function uses a non-reentrant model



MODULE INFORMATION

Module		Function		Class		Link	Load	Size
uart.c
		_writeStr      		CODE           	0EE2	0000	125
		_writeChar     		CODE           	118C	0000	13
		_readChar      		CODE           	117E	0000	15
		_uartInit      		CODE           	108E	0000	31
		_writeVal      		CODE           	1008	0000	51

uart.c estimated size: 235

C:\Program Files (x86)\Microchip\xc8\v1.35\sources\common\ftge.c
		___ftge        		CODE           	0D50	0000	145

C:\Program Files (x86)\Microchip\xc8\v1.35\sources\common\ftge.c estimated size: 145

adclib.c
		_adcRead       		CODE           	103A	0000	49

adclib.c estimated size: 49

interrupts.c
		_i2cISR        		CODE           	0008	0000	143
		_lowISR        		CODE           	0018	0000	291

interrupts.c estimated size: 434

i2clib.c
		_i2cStart      		CODE           	0FC4	0000	69
		_i2cIdle       		CODE           	1102	0000	27
		_i2cInit       		CODE           	1168	0000	23

i2clib.c estimated size: 119

timer.c
		_delay         		CODE           	0C18	0000	167

timer.c estimated size: 167

C:\Program Files (x86)\Microchip\xc8\v1.35\sources\common\lwtoft.c
		___lwtoft      		CODE           	106A	0000	37

C:\Program Files (x86)\Microchip\xc8\v1.35\sources\common\lwtoft.c estimated size: 37

C:\Program Files (x86)\Microchip\xc8\v1.35\sources\common\float.c
		___ftpack      		CODE           	0AC0	0000	175

C:\Program Files (x86)\Microchip\xc8\v1.35\sources\common\float.c estimated size: 175

C:\Program Files (x86)\Microchip\xc8\v1.35\sources\common\llmod.c
		___llmod       		CODE           	0F5E	0000	103

C:\Program Files (x86)\Microchip\xc8\v1.35\sources\common\llmod.c estimated size: 103

C:\Program Files (x86)\Microchip\xc8\v1.35\sources\common\ltoa.c
		_ultoa         		CODE           	08D6	0000	247

C:\Program Files (x86)\Microchip\xc8\v1.35\sources\common\ltoa.c estimated size: 247

shared
		i1_writeChar   		CODE           	1198	0000	13
		__initialization		CODE           	10E8	0000	13

shared estimated size: 26

C:\Program Files (x86)\Microchip\xc8\v1.35\sources\common\ftmul.c
		___ftmul       		CODE           	09CC	0000	245

C:\Program Files (x86)\Microchip\xc8\v1.35\sources\common\ftmul.c estimated size: 245

C:\Program Files (x86)\Microchip\xc8\v1.35\sources\common\lldiv.c
		___lldiv       		CODE           	0DE0	0000	131

C:\Program Files (x86)\Microchip\xc8\v1.35\sources\common\lldiv.c estimated size: 131

main.c
		_main          		CODE           	07D4	0000	259

main.c estimated size: 259

fdc2214.c
		_fdcReset      		CODE           	10AC	0000	31
		_fdcMeas       		CODE           	063C	0000	409
		_fdcRead       		CODE           	0CBE	0000	147
		_fdcSleep      		CODE           	10CA	0000	31
		_fdcWrite      		CODE           	1150	0000	25
		_fdcInit       		CODE           	0B6E	0000	171

fdc2214.c estimated size: 814

system.c
		_configureOscillator		CODE           	111C	0000	27
		_configureInterrupts		CODE           	1136	0000	27

system.c estimated size: 54

